[id.heroku.com/login.html]
[backblue.gif]
[fade.gif]
[index.html]
[id.heroku.com/assets/6/purple.css]
[id.heroku.com/assets/6/modernizr.min.js]
[id.heroku.com/signup/login.4.delayed]
[id.heroku.com/account/password/reset.html]
[id.heroku.com/login.html]
[id.heroku.com/assets/glyphicons-halflings-regular.eot]
[id.heroku.com/assets/glyphicons-halflings-regulard41d.eot]
[id.heroku.com/assets/glyphicons-halflings-regular.woff]
[id.heroku.com/assets/glyphicons-halflings-regular.ttf]
[id.heroku.com/assets/glyphicons-halflings-regular.svg]
[id.heroku.com/assets/logo-vertical.png]
[id.heroku.com/assets/logo-vertical@2x.png]
[id.heroku.com/assets/logo-sfdc.png]
[id.heroku.com/assets/logo-sfdc@2x.png]
[id.heroku.com/assets/icon-username.png]
[id.heroku.com/assets/icon-username@2x.png]
[id.heroku.com/assets/icon-password.png]
[id.heroku.com/assets/icon-password@2x.png]
[id.heroku.com/assets/icon-2fa.png]
[id.heroku.com/assets/icon-2fa@2x.png]
[id.heroku.com/assets/icon-sms.png]
[id.heroku.com/assets/icon-sms@2x.png]
[id.heroku.com/assets/6/purple.css]
[www.googletagmanager.com/gtm5445.html]
[id.heroku.com/signup.17.delayed]
[id.heroku.com/account/password/reset.html]
[id.heroku.com/assets/glyphicons-halflings-regular.svg]
